times  times.ttf Encoding=T1-WGL4.enc .g0xc7=ring .g0xc9=caron .g0xc4=dotlessi 
timesi  timesi.ttf Encoding=T1-WGL4.enc
timesb  timesbd.ttf Encoding=T1-WGL4.enc
timesbi  timesbi.ttf Encoding=T1-WGL4.enc
timesx  times.ttf Slant=.167 Encoding=T1-WGL4.enc
timesbx  timesbd.ttf Slant=.167 Encoding=T1-WGL4.enc
comic  comic.ttf Encoding=T1-WGL4.enc
comici  comici.ttf Encoding=T1-WGL4.enc
comicb  comicbd.ttf Encoding=T1-WGL4.enc
comicbi  comicbi.ttf Encoding=T1-WGL4.enc
comicx  comic.ttf Slant=.167 Encoding=T1-WGL4.enc
comicbx  comicbd.ttf Slant=.167 Encoding=T1-WGL4.enc
cour  cour.ttf Encoding=T1-WGL4.enc
couri  couri.ttf Encoding=T1-WGL4.enc
courb  courbd.ttf Encoding=T1-WGL4.enc
courbi  courbi.ttf Encoding=T1-WGL4.enc
courx  cour.ttf Slant=.167 Encoding=T1-WGL4.enc
courbx  courbd.ttf Slant=.167 Encoding=T1-WGL4.enc
arial  arial.ttf Encoding=T1-WGL4.enc
ariali  ariali.ttf Encoding=T1-WGL4.enc
arialb  arialbd.ttf Encoding=T1-WGL4.enc
arialbi  arialbi.ttf Encoding=T1-WGL4.enc
arialx  arial.ttf Slant=.167 Encoding=T1-WGL4.enc
arialbx  arialbd.ttf Slant=.167 Encoding=T1-WGL4.enc
euclid  euclid.ttf Encoding=T1-WGL4.enc
euclidi  euclidi.ttf Encoding=T1-WGL4.enc
euclidb  euclidbd.ttf Encoding=T1-WGL4.enc
euclidbi  euclidbi.ttf Encoding=T1-WGL4.enc
euclidx  euclid.ttf Slant=.167 Encoding=T1-WGL4.enc
euclidbx  euclidbd.ttf Slant=.167 Encoding=T1-WGL4.enc
trebuc  trebuc.ttf Encoding=T1-WGL4.enc
trebuci  trebuci.ttf Encoding=T1-WGL4.enc
trebucb  trebucbd.ttf Encoding=T1-WGL4.enc
trebucbi  trebucbi.ttf Encoding=T1-WGL4.enc
trebucx  trebuc.ttf Slant=.167 Encoding=T1-WGL4.enc
trebucbx  trebucbd.ttf Slant=.167 Encoding=T1-WGL4.enc
lucon  lucon.ttf Encoding=T1-WGL4.enc
luconi  luconi.ttf Encoding=T1-WGL4.enc
luconb  luconbd.ttf Encoding=T1-WGL4.enc
luconbi  luconbi.ttf Encoding=T1-WGL4.enc
luconx  lucon.ttf Slant=.167 Encoding=T1-WGL4.enc
luconbx  luconbd.ttf Slant=.167 Encoding=T1-WGL4.enc
tahoma  tahoma.ttf Encoding=T1-WGL4.enc
tahomai  tahomai.ttf Encoding=T1-WGL4.enc
tahomab  tahomabd.ttf Encoding=T1-WGL4.enc
tahomabi  tahomabi.ttf Encoding=T1-WGL4.enc
tahomax  tahoma.ttf Slant=.167 Encoding=T1-WGL4.enc
tahomabx  tahomabd.ttf Slant=.167 Encoding=T1-WGL4.enc
verdana  verdana.ttf Encoding=T1-WGL4.enc
verdanai  verdanai.ttf Encoding=T1-WGL4.enc
verdanab  verdanabd.ttf Encoding=T1-WGL4.enc
verdanabi  verdanabi.ttf Encoding=T1-WGL4.enc
verdanax  verdana.ttf Slant=.167 Encoding=T1-WGL4.enc
verdanabx  verdanabd.ttf Slant=.167 Encoding=T1-WGL4.enc
gothic  gothic.ttf Encoding=T1-WGL4.enc
gothici  gothici.ttf Encoding=T1-WGL4.enc
gothicb  gothicbd.ttf Encoding=T1-WGL4.enc
gothicbi  gothicbi.ttf Encoding=T1-WGL4.enc
gothicx  gothic.ttf Slant=.167 Encoding=T1-WGL4.enc
gothicbx  gothicbd.ttf Slant=.167 Encoding=T1-WGL4.enc
georgia  georgia.ttf Encoding=T1-WGL4.enc
georgiai  georgiai.ttf Encoding=T1-WGL4.enc
georgiab  georgiabd.ttf Encoding=T1-WGL4.enc
georgiabi  georgiabi.ttf Encoding=T1-WGL4.enc
georgiax  georgia.ttf Slant=.167 Encoding=T1-WGL4.enc
georgiabx  georgiabd.ttf Slant=.167 Encoding=T1-WGL4.enc
nwgthc  nwgthc.ttf Encoding=T1-WGL4.enc
nwgthci  nwgthci.ttf Encoding=T1-WGL4.enc
nwgthcb  nwgthcbd.ttf Encoding=T1-WGL4.enc
nwgthcbi  nwgthcbi.ttf Encoding=T1-WGL4.enc
nwgthcx  nwgthc.ttf Slant=.167 Encoding=T1-WGL4.enc
nwgthcbx  nwgthcbd.ttf Slant=.167 Encoding=T1-WGL4.enc
pala  pala.ttf Encoding=T1-WGL4.enc
palai  palai.ttf Encoding=T1-WGL4.enc
palab  palabd.ttf Encoding=T1-WGL4.enc
palabi  palabi.ttf Encoding=T1-WGL4.enc
palax  pala.ttf Slant=.167 Encoding=T1-WGL4.enc
palabx  palabd.ttf Slant=.167 Encoding=T1-WGL4.enc
lhandw  lhandw.ttf Encoding=T1-WGL4.enc
lhandwi  lhandwi.ttf Encoding=T1-WGL4.enc
lhandwb  lhandwbd.ttf Encoding=T1-WGL4.enc
lhandwbi  lhandwbi.ttf Encoding=T1-WGL4.enc
lhandwx  lhandw.ttf Slant=.167 Encoding=T1-WGL4.enc
lhandwbx  lhandwbd.ttf Slant=.167 Encoding=T1-WGL4.enc
lsansi  lsansi.ttf Encoding=T1-WGL4.enc
lsansii  lsansii.ttf Encoding=T1-WGL4.enc
lsansib  lsansibd.ttf Encoding=T1-WGL4.enc
lsansibi  lsansibi.ttf Encoding=T1-WGL4.enc
lsansix  lsansi.ttf Slant=.167 Encoding=T1-WGL4.enc
lsansibx  lsansibd.ttf Slant=.167 Encoding=T1-WGL4.enc
unisong@Unicode@ simsun
unisongsl@Unicode@ simsun Slant=0.25
unihei@Unicode@ simhei
uniheisl@Unicode@ simhei Slant=0.25
unikai@Unicode@ simkai
unikaisl@Unicode@ simkai Slant=0.25
unifs@Unicode@ simfang
unifssl@Unicode@ simfang Slant=0.25
unili@Unicode@ simli
unilisl@Unicode@ simli Slant=0.25
uniyou@Unicode@ simyou
uniyousl@Unicode@ simyou Slant=0.25
unicy@Unicode@ stcaiyun.ttf 
unicysl@Unicode@ stcaiyun.ttf Slant=0.25 
unixh@Unicode@ stxihei.ttf 
unixhsl@Unicode@ stxihei.ttf Slant=0.25 
unixk@Unicode@ stxingka.ttf 
unixksl@Unicode@ stxingka.ttf Slant=0.25 
unixw@Unicode@ stxinwei.ttf 
unixwsl@Unicode@ stxinwei.ttf Slant=0.25 
unizs@Unicode@ stzhongs.ttf 
unizssl@Unicode@ stzhongs.ttf Slant=0.25 
unihp@Unicode@ sthupo.ttf 
unihpsl@Unicode@ sthupo.ttf Slant=0.25 
unikt@Unicode@ stkaiti.ttf 
uniktsl@Unicode@ stkaiti.ttf Slant=0.25 
unilt@Unicode@ stliti.ttf 
uniltsl@Unicode@ stliti.ttf Slant=0.25 
unifang@Unicode@ stfangso.ttf 
unifangsl@Unicode@ stfangso.ttf Slant=0.25 
unishu@Unicode@ fzstk.ttf 
unishusl@Unicode@ fzstk.ttf Slant=0.25 
uniyao@Unicode@ fzytk.ttf 
uniyaosl@Unicode@ fzytk.ttf Slant=0.25 
unigbsn@Unicode@ gbsn00lp.ttf
unigbsnsl@Unicode@ gbsn00lp.ttf Slant=0.25
unigkai@Unicode@ gkai00mp.ttf
unigkaisl@Unicode@ gkai00mp.ttf Slant=0.25
unisurs@Unicode@ sursong.ttf
unisurssl@Unicode@ sursong.ttf Slant=0.25
unicyber@Unicode@ cyberbit.ttf
unicybersl@Unicode@ cyberbit.ttf Slant=0.25
gbksong@UGBK@ simsun.ttc Pid=3 Eid=1
gbksongsl@UGBK@ simsun.ttc Slant=0.25 Pid=3 Eid=1
gbkhei@UGBK@ simhei.ttf Pid=3 Eid=1
gbkheisl@UGBK@ simhei.ttf Slant=0.25 Pid=3 Eid=1
gbkkai@UGBK@ simkai.ttf Pid=3 Eid=1
gbkkaisl@UGBK@ simkai.ttf Slant=0.25 Pid=3 Eid=1
gbkfs@UGBK@ simfang.ttf Pid=3 Eid=1
gbkfssl@UGBK@ simfang.ttf Slant=0.25 Pid=3 Eid=1
gbkli@UGBK@ simli.ttf Pid=3 Eid=1
gbklisl@UGBK@ simli.ttf Slant=0.25 Pid=3 Eid=1
gbkyou@UGBK@ simyou.ttf Pid=3 Eid=1
gbkyousl@UGBK@ simyou.ttf Slant=0.25 Pid=3 Eid=1
gbkcy@UGBK@ stcaiyun.ttf Pid=3 Eid=1
gbkcysl@UGBK@ stcaiyun.ttf Slant=0.25 Pid=3 Eid=1
gbkxh@UGBK@ stxihei.ttf Pid=3 Eid=1
gbkxhsl@UGBK@ stxihei.ttf Slant=0.25 Pid=3 Eid=1
gbkxk@UGBK@ stxingka.ttf Pid=3 Eid=1
gbkxksl@UGBK@ stxingka.ttf Slant=0.25 Pid=3 Eid=1
gbkxw@UGBK@ stxinwei.ttf Pid=3 Eid=1
gbkxwsl@UGBK@ stxinwei.ttf Slant=0.25 Pid=3 Eid=1
gbkzs@UGBK@ stzhongs.ttf Pid=3 Eid=1
gbkzssl@UGBK@ stzhongs.ttf Slant=0.25 Pid=3 Eid=1
gbkhp@UGBK@ sthupo.ttf Pid=3 Eid=1
gbkhpsl@UGBK@ sthupo.ttf Slant=0.25 Pid=3 Eid=1
gbkkt@UGBK@ stkaiti.ttf Pid=3 Eid=1
gbkktsl@UGBK@ stkaiti.ttf Slant=0.25 Pid=3 Eid=1
gbklt@UGBK@ stliti.ttf Pid=3 Eid=1
gbkltsl@UGBK@ stliti.ttf Slant=0.25 Pid=3 Eid=1
gbkfang@UGBK@ stfangso.ttf Pid=3 Eid=1
gbkfangsl@UGBK@ stfangso.ttf Slant=0.25 Pid=3 Eid=1
gbkshu@UGBK@ fzstk.ttf Pid=3 Eid=1
gbkshusl@UGBK@ fzstk.ttf Slant=0.25 Pid=3 Eid=1
gbkyao@UGBK@ fzytk.ttf Pid=3 Eid=1
gbkyaosl@UGBK@ fzytk.ttf Slant=0.25 Pid=3 Eid=1
gbkgbsn@UGBK@ gbsn00lp.ttf Pid=3 Eid=1
gbkgbsnsl@UGBK@ gbsn00lp.ttf Slant=0.25 Pid=3 Eid=1
gbkgkai@UGBK@ gkai00mp.ttf Pid=3 Eid=1
gbkgkaisl@UGBK@ gkai00mp.ttf Slant=0.25 Pid=3 Eid=1
gbksurs@UGBK@ sursong.ttf Pid=3 Eid=1
gbksurssl@UGBK@ sursong.ttf Slant=0.25 Pid=3 Eid=1
gbkcyber@UGBK@ cyberbit.ttf Pid=3 Eid=1
gbkcybersl@UGBK@ cyberbit.ttf Slant=0.25 Pid=3 Eid=1

ntukai@Big5@     ntu_kai.ttf   Pid = 3 Eid = 4
mspmin@Unicode@	msmincho.ttc	Fontindex = 1
msmin@Unicode@	msmincho.ttc	Fontindex = 0
msgoth@Unicode@	msgothic.ttc	Fontindex = 0
mingli@UBig5@    mingliu.ttc   Fontindex = 0
